2014-06-18T09:12:15.081+0100: 0.753: [GC
Desired survivor size 4718592 bytes, new threshold 7 (max 15)
 [PSYoungGen: 31232K->4259K(35840K)] 31232K->4267K(115712K), 0.0063120 secs] [Times: user=0.02 sys=0.00, real=0.01 secs] 
2014-06-18T09:12:15.499+0100: 1.171: [GC
Desired survivor size 4718592 bytes, new threshold 7 (max 15)
 [PSYoungGen: 35491K->4584K(35840K)] 35499K->6453K(115712K), 0.0076940 secs] [Times: user=0.02 sys=0.00, real=0.01 secs] 
2014-06-18T09:12:15.857+0100: 1.529: [GC
Desired survivor size 4718592 bytes, new threshold 7 (max 15)
 [PSYoungGen: 35816K->4581K(35840K)] 37685K->8546K(115712K), 0.0085380 secs] [Times: user=0.03 sys=0.00, real=0.00 secs] 
2014-06-18T09:12:16.202+0100: 1.874: [GC
Desired survivor size 4718592 bytes, new threshold 7 (max 15)
 [PSYoungGen: 35813K->4595K(67072K)] 39778K->11825K(146944K), 0.0089850 secs] [Times: user=0.02 sys=0.00, real=0.01 secs] 
2014-06-18T09:12:16.882+0100: 2.554: [GC
Desired survivor size 13631488 bytes, new threshold 6 (max 15)
 [PSYoungGen: 67059K->4600K(67072K)] 74289K->20318K(146944K), 0.0182750 secs] [Times: user=0.05 sys=0.01, real=0.02 secs] 
2014-06-18T09:12:19.893+0100: 5.565: [GC
Desired survivor size 13107200 bytes, new threshold 5 (max 15)
 [PSYoungGen: 67064K->8528K(137216K)] 82782K->24254K(217088K), 0.0145620 secs] [Times: user=0.04 sys=0.00, real=0.01 secs] 
2014-06-18T09:12:21.343+0100: 7.014: [GC
Desired survivor size 46137344 bytes, new threshold 4 (max 15)
 [PSYoungGen: 133456K->12794K(137728K)] 149182K->89437K(217600K), 0.0427230 secs] [Times: user=0.13 sys=0.02, real=0.04 secs] 
2014-06-18T09:12:21.385+0100: 7.057: [Full GC [PSYoungGen: 12794K->0K(137728K)] [ParOldGen: 76642K->73256K(157696K)] 89437K->73256K(295424K) [PSPermGen: 45921K->45879K(83968K)], 0.1475160 secs] [Times: user=0.29 sys=0.01, real=0.14 secs] 
2014-06-18T09:12:22.210+0100: 7.882: [GC
Desired survivor size 81264640 bytes, new threshold 3 (max 15)
 [PSYoungGen: 124928K->45028K(235008K)] 198184K->175657K(392704K), 0.0253320 secs] [Times: user=0.03 sys=0.05, real=0.03 secs] 
2014-06-18T09:12:22.235+0100: 7.907: [Full GC [PSYoungGen: 45028K->14755K(235008K)] [ParOldGen: 130628K->157538K(295936K)] 175657K->172293K(530944K) [PSPermGen: 46990K->46985K(83968K)], 0.1005200 secs] [Times: user=0.26 sys=0.01, real=0.10 secs] 
2014-06-18T09:12:22.907+0100: 8.579: [GC
Desired survivor size 137363456 bytes, new threshold 2 (max 15)
 [PSYoungGen: 204707K->79332K(269312K)] 362245K->335488K(565248K), 0.0517290 secs] [Times: user=0.10 sys=0.07, real=0.05 secs] 
2014-06-18T09:12:22.959+0100: 8.631: [Full GC [PSYoungGen: 79332K->36743K(269312K)] [ParOldGen: 256155K->295587K(500736K)] 335488K->332330K(770048K) [PSPermGen: 47033K->47032K(83968K)], 0.1039750 secs] [Times: user=0.27 sys=0.01, real=0.10 secs] 
2014-06-18T09:12:23.668+0100: 9.340: [GC
Desired survivor size 162529280 bytes, new threshold 3 (max 15)
 [PSYoungGen: 226695K->134080K(336384K)] 522282K->493299K(837120K), 0.0746830 secs] [Times: user=0.19 sys=0.07, real=0.07 secs] 
2014-06-18T09:12:24.328+0100: 10.000: [GC
Desired survivor size 191889408 bytes, new threshold 4 (max 15)
 [PSYoungGen: 336320K->158693K(360960K)] 695539K->662645K(866304K), 0.0682690 secs] [Times: user=0.15 sys=0.08, real=0.07 secs] 
2014-06-18T09:12:24.396+0100: 10.068: [Full GC [PSYoungGen: 158693K->155846K(360960K)] [ParOldGen: 503951K->505312K(801280K)] 662645K->661159K(1162240K) [PSPermGen: 47069K->47068K(83968K)], 0.2175720 secs] [Times: user=0.65 sys=0.02, real=0.22 secs] 
2014-06-18T09:12:25.285+0100: 10.957: [GC
Desired survivor size 278396928 bytes, new threshold 3 (max 15)
 [PSYoungGen: 358086K->187360K(353792K)] 863399K->831177K(1155072K), 0.0859640 secs] [Times: user=0.17 sys=0.11, real=0.09 secs] 
2014-06-18T09:12:25.871+0100: 11.543: [GC
Desired survivor size 328728576 bytes, new threshold 4 (max 15)
 [PSYoungGen: 353760K->271839K(438272K)] 997577K->972272K(1239552K), 0.0722140 secs] [Times: user=0.22 sys=0.03, real=0.07 secs] 
2014-06-18T09:12:25.943+0100: 11.615: [Full GC [PSYoungGen: 271839K->167879K(438272K)] [ParOldGen: 700433K->800907K(1156608K)] 972272K->968787K(1594880K) [PSPermGen: 47131K->47130K(83968K)], 0.2591810 secs] [Times: user=0.74 sys=0.06, real=0.26 secs] 
2014-06-18T09:12:26.719+0100: 12.391: [GC
Desired survivor size 383254528 bytes, new threshold 5 (max 15)
 [PSYoungGen: 334279K->308294K(478208K)] 1135187K->1109202K(1634816K), 0.0806720 secs] [Times: user=0.15 sys=0.12, real=0.08 secs] 
2014-06-18T09:12:27.178+0100: 12.850: [GC
Desired survivor size 493355008 bytes, new threshold 4 (max 15)
 [PSYoungGen: 465478K->374266K(531456K)] 1266386K->1286656K(1688064K), 0.1060980 secs] [Times: user=0.31 sys=0.06, real=0.10 secs] 
2014-06-18T09:12:27.636+0100: 13.308: [GC
Desired survivor size 580386816 bytes, new threshold 3 (max 15)
 [PSYoungGen: 531450K->479324K(601088K)] 1443840K->1428510K(1757696K), 0.1165180 secs] [Times: user=0.18 sys=0.21, real=0.11 secs] 
2014-06-18T09:12:28.015+0100: 13.686: [GC
Desired survivor size 607649792 bytes, new threshold 2 (max 15)
 [PSYoungGen: 598620K->367247K(686080K)] 1547806K->1540695K(1860096K), 0.1271640 secs] [Times: user=0.34 sys=0.11, real=0.12 secs] 
2014-06-18T09:12:28.142+0100: 13.814: [Full GC [PSYoungGen: 367247K->299113K(686080K)] [ParOldGen: 1173447K->1173924K(1619456K)] 1540695K->1473038K(2305536K) [PSPermGen: 47139K->47139K(83968K)], 0.3628170 secs] [Times: user=1.15 sys=0.02, real=0.36 secs] 
2014-06-18T09:12:28.810+0100: 14.482: [GC
Desired survivor size 575143936 bytes, new threshold 1 (max 15)
 [PSYoungGen: 418409K->175653K(675328K)] 1592334K->1576636K(2294784K), 0.1044100 secs] [Times: user=0.19 sys=0.14, real=0.11 secs] 
2014-06-18T09:12:28.915+0100: 14.587: [Full GC [PSYoungGen: 175653K->0K(675328K)] [ParOldGen: 1400983K->1573133K(2100224K)] 1576636K->1573133K(2775552K) [PSPermGen: 47141K->47141K(83456K)], 0.1901300 secs] [Times: user=0.45 sys=0.13, real=0.18 secs] 
2014-06-18T09:12:29.516+0100: 15.188: [GC
Desired survivor size 553648128 bytes, new threshold 2 (max 15)
 [PSYoungGen: 147456K->124947K(709120K)] 1720589K->1698081K(2809344K), 0.0357640 secs] [Times: user=0.12 sys=0.00, real=0.03 secs] 
2014-06-18T09:12:29.923+0100: 15.594: [GC
Desired survivor size 544210944 bytes, new threshold 3 (max 15)
 [PSYoungGen: 272403K->267281K(697344K)] 1845537K->1840415K(2797568K), 0.0650560 secs] [Times: user=0.22 sys=0.00, real=0.07 secs] 
2014-06-18T09:12:32.267+0100: 17.938: [GC
Desired survivor size 569376768 bytes, new threshold 4 (max 15)
 [PSYoungGen: 442385K->362004K(706560K)] 2015519K->1935138K(2806784K), 0.0821870 secs] [Times: user=0.28 sys=0.00, real=0.08 secs] 
2014-06-18T09:12:35.734+0100: 21.406: [GC
Desired survivor size 602406912 bytes, new threshold 5 (max 15)
 [PSYoungGen: 537108K->398818K(727552K)] 2110242K->1971952K(2827776K), 0.1007460 secs] [Times: user=0.31 sys=0.00, real=0.10 secs] 
2014-06-18T09:12:41.911+0100: 27.583: [GC
Desired survivor size 629669888 bytes, new threshold 6 (max 15)
 [PSYoungGen: 570338K->406827K(759808K)] 2143472K->1979969K(2860032K), 0.0898050 secs] [Times: user=0.31 sys=0.00, real=0.09 secs] 
2014-06-18T09:12:43.183+0100: 28.855: [GC
Desired survivor size 683147264 bytes, new threshold 7 (max 15)
 [PSYoungGen: 578347K->495210K(755200K)] 2151489K->2068352K(2855424K), 0.1477100 secs] [Times: user=0.29 sys=0.07, real=0.16 secs] 
2014-06-18T09:12:43.688+0100: 29.360: [GC
Desired survivor size 715653120 bytes, new threshold 6 (max 15)
 [PSYoungGen: 635498K->596177K(807424K)] 2208640K->2169319K(2907648K), 0.1220610 secs] [Times: user=0.37 sys=0.00, real=0.12 secs] 
2014-06-18T09:12:44.238+0100: 29.910: [GC
Desired survivor size 715653120 bytes, new threshold 5 (max 15)
 [PSYoungGen: 736465K->466790K(857088K)] 2309607K->2288589K(2957312K), 0.2175110 secs] [Times: user=0.30 sys=0.22, real=0.22 secs] 
2014-06-18T09:12:44.860+0100: 30.531: [GC
Desired survivor size 715653120 bytes, new threshold 4 (max 15)
 [PSYoungGen: 624998K->460318K(857088K)] 2446797K->2427283K(2957312K), 0.1722910 secs] [Times: user=0.33 sys=0.13, real=0.17 secs] 
2014-06-18T09:12:45.032+0100: 30.704: [Full GC [PSYoungGen: 460318K->297467K(857088K)] [ParOldGen: 1966965K->2099757K(2687488K)] 2427283K->2397225K(3544576K) [PSPermGen: 53084K->53080K(83456K)], 0.6892800 secs] [Times: user=1.79 sys=0.10, real=0.69 secs] 
2014-06-18T09:12:46.115+0100: 31.787: [GC
Desired survivor size 715653120 bytes, new threshold 3 (max 15)
 [PSYoungGen: 455675K->405059K(883200K)] 2555433K->2529722K(3570688K), 0.1068310 secs] [Times: user=0.31 sys=0.00, real=0.11 secs] 
2014-06-18T09:12:46.677+0100: 32.349: [GC
Desired survivor size 715653120 bytes, new threshold 2 (max 15)
 [PSYoungGen: 589379K->394276K(883200K)] 2714042K->2775360K(3570688K), 0.1910070 secs] [Times: user=0.33 sys=0.31, real=0.19 secs] 
2014-06-18T09:12:46.868+0100: 32.540: [Full GC [PSYoungGen: 394276K->0K(883200K)] [ParOldGen: 2381084K->2681816K(3344384K)] 2775360K->2681816K(4227584K) [PSPermGen: 53089K->53089K(80384K)], 0.4801610 secs] [Times: user=0.64 sys=0.54, real=0.48 secs] 
2014-06-18T09:12:47.791+0100: 33.463: [GC
Desired survivor size 715653120 bytes, new threshold 1 (max 15)
 [PSYoungGen: 184320K->153304K(904192K)] 2866136K->2835120K(4248576K), 0.0449690 secs] [Times: user=0.15 sys=0.00, real=0.05 secs] 
2014-06-18T09:12:48.407+0100: 34.079: [GC
Desired survivor size 715653120 bytes, new threshold 1 (max 15)
 [PSYoungGen: 364760K->177169K(910336K)] 3046576K->3013694K(4254720K), 0.5310550 secs] [Times: user=0.52 sys=0.18, real=0.53 secs] 
2014-06-18T09:12:49.442+0100: 35.114: [GC
Desired survivor size 709361664 bytes, new threshold 1 (max 15)
 [PSYoungGen: 388625K->177915K(940032K)] 3225150K->3193462K(4284416K), 0.3544600 secs] [Times: user=0.22 sys=0.21, real=0.35 secs] 
2014-06-18T09:12:50.543+0100: 36.215: [GC
Desired survivor size 684720128 bytes, new threshold 1 (max 15)
 [PSYoungGen: 428795K->213770K(943616K)] 3444342K->3409069K(4288000K), 0.4943190 secs] [Times: user=0.24 sys=0.19, real=0.49 secs] 
2014-06-18T09:12:51.069+0100: 36.741: [Full GC [PSYoungGen: 213770K->53072K(943616K)] [ParOldGen: 3195299K->3344369K(4060160K)] 3409069K->3397442K(5003776K) [PSPermGen: 53233K->53232K(77312K)], 1.0578350 secs] [Times: user=1.54 sys=0.21, real=1.06 secs] 
2014-06-18T09:12:54.427+0100: 40.099: [GC
Desired survivor size 677904384 bytes, new threshold 1 (max 15)
 [PSYoungGen: 303952K->112959K(936448K)] 3648322K->3512901K(4996608K), 0.0886990 secs] [Times: user=0.26 sys=0.03, real=0.10 secs] 
2014-06-18T09:12:58.214+0100: 43.886: [GC
Desired survivor size 678428672 bytes, new threshold 1 (max 15)
 [PSYoungGen: 399167K->45568K(948224K)] 3799109K->3560754K(5008384K), 0.2182050 secs] [Times: user=0.27 sys=0.08, real=0.21 secs] 
2014-06-18T09:13:07.738+0100: 53.410: [GC
Desired survivor size 674758656 bytes, new threshold 2 (max 15)
 [PSYoungGen: 331776K->32460K(968704K)] 3846962K->3595460K(5028864K), 0.1421380 secs] [Times: user=0.26 sys=0.03, real=0.14 secs] 
2014-06-18T09:13:15.725+0100: 61.396: [GC
Desired survivor size 667418624 bytes, new threshold 3 (max 15)
 [PSYoungGen: 350412K->22430K(976896K)] 3913412K->3585430K(5037056K), 0.0494320 secs] [Times: user=0.15 sys=0.00, real=0.05 secs] 
