2014-06-18T09:06:29.090+0100: 0.700: [GC
Desired survivor size 4718592 bytes, new threshold 7 (max 15)
 [PSYoungGen: 31232K->4298K(35840K)] 31232K->4306K(115712K), 0.0075430 secs] [Times: user=0.01 sys=0.00, real=0.00 secs] 
2014-06-18T09:06:29.503+0100: 1.114: [GC
Desired survivor size 4718592 bytes, new threshold 7 (max 15)
 [PSYoungGen: 35530K->4602K(67072K)] 35538K->6498K(146944K), 0.0079360 secs] [Times: user=0.02 sys=0.00, real=0.01 secs] 
2014-06-18T09:06:30.190+0100: 1.800: [GC
Desired survivor size 4718592 bytes, new threshold 7 (max 15)
 [PSYoungGen: 67066K->4584K(67072K)] 68962K->13752K(146944K), 0.0137380 secs] [Times: user=0.02 sys=0.00, real=0.01 secs] 
2014-06-18T09:06:30.843+0100: 2.453: [GC
Desired survivor size 4718592 bytes, new threshold 7 (max 15)
 [PSYoungGen: 67048K->4600K(129536K)] 76216K->22247K(209408K), 0.0184060 secs] [Times: user=0.05 sys=0.00, real=0.02 secs] 
2014-06-18T09:06:34.779+0100: 6.390: [GC
Desired survivor size 20971520 bytes, new threshold 6 (max 15)
 [PSYoungGen: 129528K->4606K(129536K)] 147175K->35074K(209408K), 0.0244460 secs] [Times: user=0.07 sys=0.00, real=0.02 secs] 
2014-06-18T09:06:35.506+0100: 7.117: [GC
Desired survivor size 58720256 bytes, new threshold 5 (max 15)
 [PSYoungGen: 129534K->20470K(233472K)] 160002K->108967K(322560K), 0.0221100 secs] [Times: user=0.05 sys=0.03, real=0.02 secs] 
2014-06-18T09:06:35.529+0100: 7.139: [Full GC [PSYoungGen: 20470K->0K(233472K)] [ParOldGen: 88496K->85943K(175104K)] 108967K->85943K(408576K) [PSPermGen: 46943K->46899K(83968K)], 0.1199260 secs] [Times: user=0.26 sys=0.00, real=0.12 secs] 
2014-06-18T09:06:36.445+0100: 8.055: [GC
Desired survivor size 57147392 bytes, new threshold 5 (max 15)
 [PSYoungGen: 212992K->6784K(270336K)] 298935K->92735K(445440K), 0.0052810 secs] [Times: user=0.01 sys=0.00, real=0.01 secs] 
2014-06-18T09:06:37.121+0100: 8.732: [GC
Desired survivor size 54001664 bytes, new threshold 5 (max 15)
 [PSYoungGen: 219776K->13190K(374272K)] 305727K->99141K(549376K), 0.0138400 secs] [Times: user=0.04 sys=0.01, real=0.01 secs] 
2014-06-18T09:06:38.077+0100: 9.688: [GC
Desired survivor size 51380224 bytes, new threshold 5 (max 15)
 [PSYoungGen: 334726K->22598K(374272K)] 420677K->108557K(549376K), 0.0128740 secs] [Times: user=0.03 sys=0.01, real=0.02 secs] 
2014-06-18T09:06:39.113+0100: 10.724: [GC
Desired survivor size 53477376 bytes, new threshold 4 (max 15)
 [PSYoungGen: 344134K->31750K(465408K)] 430093K->117709K(640512K), 0.0273090 secs] [Times: user=0.08 sys=0.02, real=0.03 secs] 
2014-06-18T09:06:40.155+0100: 11.765: [GC
Desired survivor size 56098816 bytes, new threshold 3 (max 15)
 [PSYoungGen: 446982K->36646K(467456K)] 532941K->129245K(642560K), 0.0245510 secs] [Times: user=0.08 sys=0.02, real=0.03 secs] 
2014-06-18T09:06:41.156+0100: 12.767: [GC
Desired survivor size 56623104 bytes, new threshold 2 (max 15)
 [PSYoungGen: 451878K->32454K(605696K)] 544477K->141377K(780800K), 0.0283440 secs] [Times: user=0.09 sys=0.02, real=0.03 secs] 
2014-06-18T09:06:47.819+0100: 19.430: [GC
Desired survivor size 83361792 bytes, new threshold 1 (max 15)
 [PSYoungGen: 583366K->55283K(606208K)] 692289K->210190K(781312K), 0.0499570 secs] [Times: user=0.15 sys=0.03, real=0.05 secs] 
2014-06-18T09:06:47.869+0100: 19.480: [Full GC [PSYoungGen: 55283K->26578K(606208K)] [ParOldGen: 154907K->174798K(292864K)] 210190K->201376K(899072K) [PSPermGen: 49918K->49913K(83968K)], 0.3379480 secs] [Times: user=1.04 sys=0.01, real=0.34 secs] 
2014-06-18T09:06:54.530+0100: 26.140: [GC
Desired survivor size 91750400 bytes, new threshold 2 (max 15)
 [PSYoungGen: 577490K->67440K(768512K)] 752288K->270849K(1061376K), 0.0957040 secs] [Times: user=0.18 sys=0.03, real=0.10 secs] 
2014-06-18T09:06:56.421+0100: 28.032: [GC
Desired survivor size 96468992 bytes, new threshold 2 (max 15)
 [PSYoungGen: 765296K->60821K(787456K)] 968776K->264301K(1080320K), 0.0744990 secs] [Times: user=0.14 sys=0.03, real=0.08 secs] 
2014-06-18T09:06:58.210+0100: 29.821: [GC
Desired survivor size 92798976 bytes, new threshold 1 (max 15)
 [PSYoungGen: 758677K->43232K(1010688K)] 962158K->285299K(1303552K), 0.0524920 secs] [Times: user=0.15 sys=0.04, real=0.05 secs] 
2014-06-18T09:06:58.263+0100: 29.874: [Full GC [PSYoungGen: 43232K->0K(1010688K)] [ParOldGen: 242067K->236449K(383488K)] 285299K->236449K(1394176K) [PSPermGen: 53104K->53100K(83968K)], 0.3474090 secs] [Times: user=1.02 sys=0.00, real=0.35 secs] 
2014-06-18T09:07:01.624+0100: 33.235: [GC
Desired survivor size 88080384 bytes, new threshold 2 (max 15)
 [PSYoungGen: 916480K->33251K(1007104K)] 1152929K->269701K(1390592K), 0.0318030 secs] [Times: user=0.10 sys=0.01, real=0.04 secs] 
2014-06-18T09:07:03.910+0100: 35.521: [GC
Desired survivor size 92274688 bytes, new threshold 3 (max 15)
 [PSYoungGen: 949731K->60717K(1162752K)] 1186181K->297166K(1546240K), 0.0438660 secs] [Times: user=0.15 sys=0.01, real=0.05 secs] 
2014-06-18T09:07:07.157+0100: 38.767: [GC
Desired survivor size 108527616 bytes, new threshold 2 (max 15)
 [PSYoungGen: 1137453K->90090K(1166848K)] 1373902K->333556K(1550336K), 0.0616310 secs] [Times: user=0.21 sys=0.02, real=0.06 secs] 
